// Jest Snapshot v1, https://goo.gl/fbAQLP

exports[`Test component <GifExpertApp /> should show <GifExpertApp /> correctly 1`] = `
<Fragment>
  <h2>
    GifExpertApp
  </h2>
  <AddCategory
    setCategories={[Function]}
  />
  <hr />
  <ol />
</Fragment>
`;
